// Jest Snapshot v1, https://goo.gl/fbAQLP

exports[`src/pages/ProductDetailsPage ProductDetailsPage component should render 1`] = `
<div
  className="loader"
>
  Loading...
</div>
`;
