// Jest Snapshot v1, https://goo.gl/fbAQLP

exports[`src/components/module/ProductListHeader ProductListHeader component should render 1`] = `
<div
  className="product-list-header"
>
  <div
    className="product-list-header__heading"
  >
    <h2
      className="heading heading--h2"
    >
      Test label
    </h2>
  </div>
  <div
    className="product-list-header__filter"
  >
    <div
      className="select-box "
    >
      <label
        className="select-box__label"
        htmlFor="select-box"
      >
        
      </label>
      <select
        className="select-box__select"
        id="select-box"
        onChange={[Function]}
        onSelect={[MockFunction]}
        selected=""
        value=""
      >
        <option
          value="X"
        >
          X
        </option>
      </select>
    </div>
  </div>
</div>
`;
