// Jest Snapshot v1, https://goo.gl/fbAQLP

exports[`src/components/elements/Header Header component should render 1`] = `
<div
  className="tag--exclusive"
>
  exclusive
</div>
`;
